// Jest Snapshot v1, https://goo.gl/fbAQLP

exports[`snapshots Search snapshots 1`] = `
<div>
  <input
    onChange={[Function]}
    type="text"
  />
</div>
`;
